
        <actuator>
            <!-- Physical limits of the actuator. -->
            <motor ctrllimited="true" ctrlrange="-80.0 80.0" joint="test_panda_link1_joint1" name="test_panda_torq_j1"/>
            <motor ctrllimited="true" ctrlrange="-80.0 80.0" joint="test_panda_link2_joint2" name="test_panda_torq_j2"/>
            <motor ctrllimited="true" ctrlrange="-80.0 80.0" joint="test_panda_link3_joint3" name="test_panda_torq_j3"/>
            <motor ctrllimited="true" ctrlrange="-80.0 80.0" joint="test_panda_link4_joint4" name="test_panda_torq_j4"/>
            <motor ctrllimited="true" ctrlrange="-80.0 80.0" joint="test_panda_link5_joint5" name="test_panda_torq_j5"/>
            <motor ctrllimited="true" ctrlrange="-12.0 12.0" joint="test_panda_link6_joint6" name="test_panda_torq_j6"/>
            <motor ctrllimited="true" ctrlrange="-12.0 12.0" joint="test_panda_link7_joint7" name="test_panda_torq_j7"/>
        </actuator>
        
        <asset>
            <mesh name="panda_link0" file="panda/meshes/link0.stl"/>
            <material name="panda_Face636_001" specular="0.5" shininess="0.45" rgba="0.901961 0.921569 0.929412 1.000000"/>
            <material name="panda_Part__Feature017_001" specular="0.5" shininess="0.45" rgba="1 1 1 1"/>
            <material name="panda_Part__Feature018_001" specular="0.5" shininess="0.45" rgba="1 1 1 1"/>
            <material name="panda_Part__Feature019_001" specular="0.5" shininess="0.45" rgba="1 1 1 1"/>
            <material name="panda_Part__Feature022_001" specular="0.5" shininess="0.45" rgba="0.901961 0.921569 0.929412 1"/>
            <material name="panda_Part__Feature023_001" specular="0.5" shininess="0.45" rgba="0.250980 0.250980 0.250980 1"/>
            <material name="panda_Shell001_001" specular="0.5" shininess="0.45" rgba="0.250980 0.250980 0.250980 1"/>
            <material name="panda_Shell002_001" specular="0.5" shininess="0.45" rgba="0.901961 0.921569 0.929412 1"/>
            <material name="panda_Shell003_001" specular="0.5" shininess="0.45" rgba="0.901961 0.921569 0.929412 1"/>
            <material name="panda_Shell009_001" specular="0.5" shininess="0.45" rgba="0.250980 0.250980 0.250980 1"/>
            <material name="panda_Shell010_001" specular="0.5" shininess="0.45" rgba="0.901961 0.921569 0.929412 1"/>
            <material name="panda_Shell_001" specular="0.5" shininess="0.45" rgba="0.250980 0.250980 0.250980 1"/>
            <mesh name="panda_link0_vis_0" file="panda/obj_meshes/link0_vis/link0_vis_0.obj"/>
            <mesh name="panda_link0_vis_1" file="panda/obj_meshes/link0_vis/link0_vis_1.obj"/>
            <mesh name="panda_link0_vis_2" file="panda/obj_meshes/link0_vis/link0_vis_2.obj"/>
            <mesh name="panda_link0_vis_3" file="panda/obj_meshes/link0_vis/link0_vis_3.obj"/>
            <mesh name="panda_link0_vis_4" file="panda/obj_meshes/link0_vis/link0_vis_4.obj"/>
            <mesh name="panda_link0_vis_5" file="panda/obj_meshes/link0_vis/link0_vis_5.obj"/>
            <mesh name="panda_link0_vis_6" file="panda/obj_meshes/link0_vis/link0_vis_6.obj"/>
            <mesh name="panda_link0_vis_7" file="panda/obj_meshes/link0_vis/link0_vis_7.obj"/>
            <mesh name="panda_link0_vis_8" file="panda/obj_meshes/link0_vis/link0_vis_8.obj"/>
            <mesh name="panda_link0_vis_9" file="panda/obj_meshes/link0_vis/link0_vis_9.obj"/>
            <mesh name="panda_link0_vis_10" file="panda/obj_meshes/link0_vis/link0_vis_10.obj"/>
            <mesh name="panda_link0_vis_11" file="panda/obj_meshes/link0_vis/link0_vis_11.obj"/>
        </asset>
        
        <asset>
            <mesh name="panda_link1" file="panda/meshes/link1.stl"/>
            <material name="panda_Part__Feature_001" specular="0.5" shininess="0.45" rgba="1 1 1 1"/>
            <mesh name="panda_link1_vis" file="panda/obj_meshes/link1_vis/link1_vis.obj"/>
        </asset>
        
        <asset>
            <mesh name="panda_link2" file="panda/meshes/link2.stl"/>
            <material name="panda_Part__Feature024" specular="0.5" shininess="0.45" rgba="1 1 1 1"/>
            <mesh name="panda_link2_vis" file="panda/obj_meshes/link2_vis/link2_vis.obj"/>
        </asset>
        
        <asset>
            <mesh name="panda_link3" file="panda/meshes/link3.stl"/>
            <material name="panda_Part__Feature001_010_001_002" specular="0.5" shininess="0.45" rgba="1.000000 1.000000 1.000000 1.000000"/>
            <material name="panda_Part__Feature002_007_001_002" specular="0.5" shininess="0.45" rgba="1.000000 1.000000 1.000000 1.000000"/>
            <material name="panda_Part__Feature003_004_001_002" specular="0.5" shininess="0.45" rgba="1.000000 1.000000 1.000000 1.000000"/>
            <material name="panda_Part__Feature_001_001_001_002" specular="0.5" shininess="0.45" rgba="0.250980 0.250980 0.250980 1.000000"/>
            <mesh name="panda_link3_vis_0" file="panda/obj_meshes/link3_vis/link3_vis_0.obj"/>
            <mesh name="panda_link3_vis_1" file="panda/obj_meshes/link3_vis/link3_vis_1.obj"/>
            <mesh name="panda_link3_vis_2" file="panda/obj_meshes/link3_vis/link3_vis_2.obj"/>
            <mesh name="panda_link3_vis_3" file="panda/obj_meshes/link3_vis/link3_vis_3.obj"/>
        </asset>
        
        <asset>
            <mesh name="panda_link4" file="panda/meshes/link4.stl"/>
            <material name="panda_Part__Feature001_001_003_001" specular="0.5" shininess="0.45" rgba="1.000000 1.000000 1.000000 1.000000"/>
            <material name="panda_Part__Feature002_001_003_001" specular="0.5" shininess="0.45" rgba="0.250980 0.250980 0.250980 1.000000"/>
            <material name="panda_Part__Feature003_001_003_001" specular="0.5" shininess="0.45" rgba="1.000000 1.000000 1.000000 1.000000"/>
            <material name="panda_Part__Feature_002_003_001" specular="0.5" shininess="0.45" rgba="1.000000 1.000000 1.000000 1.000000"/>
            <mesh name="panda_link4_vis_0" file="panda/obj_meshes/link4_vis/link4_vis_0.obj"/>
            <mesh name="panda_link4_vis_1" file="panda/obj_meshes/link4_vis/link4_vis_1.obj"/>
            <mesh name="panda_link4_vis_2" file="panda/obj_meshes/link4_vis/link4_vis_2.obj"/>
            <mesh name="panda_link4_vis_3" file="panda/obj_meshes/link4_vis/link4_vis_3.obj"/>
        </asset>
        
        <asset>
            <mesh name="panda_link5" file="panda/meshes/link5.stl"/>
            <material name="panda_Part__Feature_002_004_003" specular="0.5" shininess="0.45" rgba="1.000000 1.000000 1.000000 1.000000"/>
            <material name="panda_Shell001_001_001_003" specular="0.5" shininess="0.45" rgba="0.250000 0.250000 0.250000 1.000000"/>
            <material name="panda_Shell_001_001_003" specular="0.5" shininess="0.45" rgba="1.000000 1.000000 1.000000 1.000000"/>
            <mesh name="panda_link5_vis_0" file="panda/obj_meshes/link5_vis/link5_vis_0.obj"/>
            <mesh name="panda_link5_vis_1" file="panda/obj_meshes/link5_vis/link5_vis_1.obj"/>
            <mesh name="panda_link5_vis_2" file="panda/obj_meshes/link5_vis/link5_vis_2.obj"/>
        </asset>
        
        <asset>
            <mesh name="panda_link6" file="panda/meshes/link6.stl"/>
            <material name="panda_Face064_002_001_002_001" specular="0.5" shininess="0.45" rgba="1.000000 0.000000 0.000000 1.000000"/>
            <material name="panda_Face065_002_001_002_001" specular="0.5" shininess="0.45" rgba="0.000000 1.000000 0.000000 1.000000"/>
            <material name="panda_Face374_002_001_002_001" specular="0.5" shininess="0.45" rgba="1.000000 1.000000 1.000000 1.000000"/>
            <material name="panda_Face539_002_001_002_001" specular="0.5" shininess="0.45" rgba="0.250980 0.250980 0.250980 1.000000"/>
            <material name="panda_Part__Feature001_009_001_002_001" specular="0.5" shininess="0.45" rgba="0.250980 0.250980 0.250980 1.000000"/>
            <material name="panda_Part__Feature002_006_001_002_001" specular="0.5" shininess="0.45" rgba="0.250980 0.250980 0.250980 1.000000"/>
            <material name="panda_Shell002_002_001_002_001" specular="0.5" shininess="0.45" rgba="1.000000 1.000000 1.000000 1.000000"/>
            <material name="panda_Shell003_002_001_002_001" specular="0.5" shininess="0.45" rgba="1.000000 1.000000 1.000000 1.000000"/>
            <material name="panda_Shell004_001_001_002_001" specular="0.5" shininess="0.45" rgba="1.000000 1.000000 1.000000 1.000000"/>
            <material name="panda_Shell005_001_001_002_001" specular="0.5" shininess="0.45" rgba="1.000000 1.000000 1.000000 1.000000"/>
            <material name="panda_Shell006_003_002_001" specular="0.5" shininess="0.45" rgba="0.901961 0.921569 0.929412 1.000000"/>
            <material name="panda_Shell007_002_002_001" specular="0.5" shininess="0.45" rgba="0.250000 0.250000 0.250000 1.000000"/>
            <material name="panda_Shell011_002_002_001" specular="0.5" shininess="0.45" rgba="1.000000 1.000000 1.000000 1.000000"/>
            <material name="panda_Shell012_002_002_001" specular="0.5" shininess="0.45" rgba="1.000000 1.000000 1.000000 1.000000"/>
            <material name="panda_Shell_003_001_002_001" specular="0.5" shininess="0.45" rgba="0.250980 0.250980 0.250980 1.000000"/>
            <material name="panda_Union001_001_001_002_001" specular="0.5" shininess="0.45" rgba="0.039216 0.541176 0.780392 1.000000"/>
            <material name="panda_Union_001_001_002_001" specular="0.5" shininess="0.45" rgba="0.039216 0.541176 0.780392 1.000000"/>
            <mesh name="panda_link6_vis_0" file="panda/obj_meshes/link6_vis/link6_vis_0.obj"/>
            <mesh name="panda_link6_vis_1" file="panda/obj_meshes/link6_vis/link6_vis_1.obj"/>
            <mesh name="panda_link6_vis_2" file="panda/obj_meshes/link6_vis/link6_vis_2.obj"/>
            <mesh name="panda_link6_vis_3" file="panda/obj_meshes/link6_vis/link6_vis_3.obj"/>
            <mesh name="panda_link6_vis_4" file="panda/obj_meshes/link6_vis/link6_vis_4.obj"/>
            <mesh name="panda_link6_vis_5" file="panda/obj_meshes/link6_vis/link6_vis_5.obj"/>
            <mesh name="panda_link6_vis_6" file="panda/obj_meshes/link6_vis/link6_vis_6.obj"/>
            <mesh name="panda_link6_vis_7" file="panda/obj_meshes/link6_vis/link6_vis_7.obj"/>
            <mesh name="panda_link6_vis_8" file="panda/obj_meshes/link6_vis/link6_vis_8.obj"/>
            <mesh name="panda_link6_vis_9" file="panda/obj_meshes/link6_vis/link6_vis_9.obj"/>
            <mesh name="panda_link6_vis_10" file="panda/obj_meshes/link6_vis/link6_vis_10.obj"/>
            <mesh name="panda_link6_vis_11" file="panda/obj_meshes/link6_vis/link6_vis_11.obj"/>
            <mesh name="panda_link6_vis_12" file="panda/obj_meshes/link6_vis/link6_vis_12.obj"/>
            <mesh name="panda_link6_vis_13" file="panda/obj_meshes/link6_vis/link6_vis_13.obj"/>
            <mesh name="panda_link6_vis_14" file="panda/obj_meshes/link6_vis/link6_vis_14.obj"/>
            <mesh name="panda_link6_vis_15" file="panda/obj_meshes/link6_vis/link6_vis_15.obj"/>
            <mesh name="panda_link6_vis_16" file="panda/obj_meshes/link6_vis/link6_vis_16.obj"/>
        </asset>
        
        <asset>
            <mesh name="panda_link7" file="panda/meshes/link7.stl"/>
            <material name="panda_Part__Mirroring001_004_002" specular="0.5" shininess="0.45" rgba="0.250980 0.250980 0.250980 1.000000"/>
            <material name="panda_Part__Mirroring002_004_001" specular="0.5" shininess="0.45" rgba="0.250980 0.250980 0.250980 1.000000"/>
            <material name="panda_Part__Mirroring003_004_001" specular="0.5" shininess="0.45" rgba="0.250980 0.250980 0.250980 1.000000"/>
            <material name="panda_Part__Mirroring004_004_002" specular="0.5" shininess="0.45" rgba="1.000000 1.000000 1.000000 1.000000"/>
            <material name="panda_Part__Mirroring005_004_001" specular="0.5" shininess="0.45" rgba="0.250980 0.250980 0.250980 1.000000"/>
            <material name="panda_Part__Mirroring006_004_001" specular="0.5" shininess="0.45" rgba="0.250980 0.250980 0.250980 1.000000"/>
            <material name="panda_Part__Mirroring007_004_001" specular="0.5" shininess="0.45" rgba="0.250980 0.250980 0.250980 1.000000"/>
            <material name="panda_Part__Mirroring_004_001" specular="0.5" shininess="0.45" rgba="0.898039 0.917647 0.929412 1.000000"/>
            <mesh name="panda_link7_vis_0" file="panda/obj_meshes/link7_vis/link7_vis_0.obj"/>
            <mesh name="panda_link7_vis_1" file="panda/obj_meshes/link7_vis/link7_vis_1.obj"/>
            <mesh name="panda_link7_vis_2" file="panda/obj_meshes/link7_vis/link7_vis_2.obj"/>
            <mesh name="panda_link7_vis_3" file="panda/obj_meshes/link7_vis/link7_vis_3.obj"/>
            <mesh name="panda_link7_vis_4" file="panda/obj_meshes/link7_vis/link7_vis_4.obj"/>
            <mesh name="panda_link7_vis_5" file="panda/obj_meshes/link7_vis/link7_vis_5.obj"/>
            <mesh name="panda_link7_vis_6" file="panda/obj_meshes/link7_vis/link7_vis_6.obj"/>
            <mesh name="panda_link7_vis_7" file="panda/obj_meshes/link7_vis/link7_vis_7.obj"/>
        </asset>
        