<body name="test_panda" pos="0 0 0" quat="0 0 0 1"><!-- robot view -->
    <camera mode="fixed" name="test_panda_robotview" pos="1.0 0 0.4" quat="0.653 0.271 0.271 0.653" />
    <inertial diaginertia="0 0 0" mass="0" pos="0 0 0" />
    <body name="test_panda_link0" pos="0 0 0">
        <site name="test_panda_link0_right_center" pos="0 0 0" size="0.01" rgba="1 0.3 0.3 1"
            group="2" />
        <inertial pos="0 0 0" mass="4" diaginertia="0.4 0.4 0.4" />
        <geom mesh="panda_link0_vis_0" material="panda_Shell010_001" type="mesh" contype="0"
            conaffinity="0" group="1" />
        <geom mesh="panda_link0_vis_1" material="panda_Shell009_001" type="mesh" contype="0"
            conaffinity="0" group="1" />
        <geom mesh="panda_link0_vis_2" material="panda_Shell003_001" type="mesh" contype="0"
            conaffinity="0" group="1" />
        <geom mesh="panda_link0_vis_3" material="panda_Shell_001" type="mesh" contype="0"
            conaffinity="0" group="1" />
        <geom mesh="panda_link0_vis_4" material="panda_Shell002_001" type="mesh" contype="0"
            conaffinity="0" group="1" />
        <geom mesh="panda_link0_vis_5" material="panda_Shell001_001" type="mesh" contype="0"
            conaffinity="0" group="1" />
        <geom mesh="panda_link0_vis_6" material="panda_Face636_001" type="mesh" contype="0"
            conaffinity="0" group="1" />
        <geom mesh="panda_link0_vis_7" material="panda_Part__Feature018_001" type="mesh" contype="0"
            conaffinity="0" group="1" />
        <geom mesh="panda_link0_vis_8" material="panda_Part__Feature019_001" type="mesh" contype="0"
            conaffinity="0" group="1" />
        <geom mesh="panda_link0_vis_9" material="panda_Part__Feature023_001" type="mesh" contype="0"
            conaffinity="0" group="1" />
        <geom mesh="panda_link0_vis_10" material="panda_Part__Feature022_001" type="mesh"
            contype="0" conaffinity="0" group="1" />
        <geom mesh="panda_link0_vis_11" material="panda_Part__Feature017_001" type="mesh"
            contype="0" conaffinity="0" group="1" />
        <geom type="mesh" group="0" mesh="panda_link0" name="test_panda_link0_link0_collision" />
        <body name="test_panda_link1" pos="0 0 0.333">
            <inertial pos="0 0 -0.07" mass="3" diaginertia="0.3 0.3 0.3" />
            <joint name="test_panda_link1_joint1" pos="0 0 0" axis="0 0 1" limited="true"
                range="-2.8973 2.8973" damping="0.1" />
            <geom mesh="panda_link1_vis" material="panda_Part__Feature_001" type="mesh" contype="0"
                conaffinity="0" group="1" />
            <geom type="mesh" group="0" mesh="panda_link1" name="test_panda_link1_link1_collision" />
            <body name="test_panda_link2" pos="0 0 0" quat="0.707107 -0.707107 0 0">
                <inertial pos="0 0 -0.1" mass="3" diaginertia="0.3 0.3 0.3" />
                <joint name="test_panda_link2_joint2" pos="0 0 0" axis="0 0 1" limited="true"
                    range="-1.7628 1.7628" damping="0.1" />
                <geom mesh="panda_link2_vis" material="panda_Part__Feature024" type="mesh"
                    contype="0" conaffinity="0" group="1" />
                <geom type="mesh" group="0" mesh="panda_link2"
                    name="test_panda_link2_link2_collision" />
                <body name="test_panda_link3" pos="0 -0.316 0" quat="0.707107 0.707107 0 0">
                    <inertial pos="0.04 0 -0.05" mass="2" diaginertia="0.2 0.2 0.2" />
                    <joint name="test_panda_link3_joint3" pos="0 0 0" axis="0 0 1" limited="true"
                        range="-2.8973 2.8973" damping="0.1" />
                    <geom mesh="panda_link3_vis_0" material="panda_Part__Feature003_004_001_002"
                        type="mesh" contype="0" conaffinity="0" group="1" />
                    <geom mesh="panda_link3_vis_1" material="panda_Part__Feature002_007_001_002"
                        type="mesh" contype="0" conaffinity="0" group="1" />
                    <geom mesh="panda_link3_vis_2" material="panda_Part__Feature001_010_001_002"
                        type="mesh" contype="0" conaffinity="0" group="1" />
                    <geom mesh="panda_link3_vis_3" material="panda_Part__Feature_001_001_001_002"
                        type="mesh" contype="0" conaffinity="0" group="1" />
                    <geom type="mesh" group="0" mesh="panda_link3"
                        name="test_panda_link3_link3_collision" />
                    <body name="test_panda_link4" pos="0.0825 0 0" quat="0.707107 0.707107 0 0">
                        <inertial pos="-0.04 0.05 0" mass="2" diaginertia="0.2 0.2 0.2" />
                        <joint name="test_panda_link4_joint4" pos="0 0 0" axis="0 0 1"
                            limited="true" range="-3.0718 -0.0698" damping="0.1" />
                        <geom mesh="panda_link4_vis_0" material="panda_Part__Feature001_001_003_001"
                            type="mesh" contype="0" conaffinity="0" group="1" />
                        <geom mesh="panda_link4_vis_1" material="panda_Part__Feature003_001_003_001"
                            type="mesh" contype="0" conaffinity="0" group="1" />
                        <geom mesh="panda_link4_vis_2" material="panda_Part__Feature002_001_003_001"
                            type="mesh" contype="0" conaffinity="0" group="1" />
                        <geom mesh="panda_link4_vis_3" material="panda_Part__Feature_002_003_001"
                            type="mesh" contype="0" conaffinity="0" group="1" />
                        <geom type="mesh" group="0" mesh="panda_link4"
                            name="test_panda_link4_link4_collision" />
                        <body name="test_panda_link5" pos="-0.0825 0.384 0"
                            quat="0.707107 -0.707107 0 0">
                            <inertial pos="0 0 -0.15" mass="2" diaginertia="0.2 0.2 0.2" />
                            <joint name="test_panda_link5_joint5" pos="0 0 0" axis="0 0 1"
                                limited="true" range="-2.8973 2.8973" damping="0.1" />
                            <geom mesh="panda_link5_vis_0" material="panda_Shell001_001_001_003"
                                type="mesh" contype="0" conaffinity="0" group="1" />
                            <geom mesh="panda_link5_vis_1" material="panda_Shell_001_001_003"
                                type="mesh" contype="0" conaffinity="0" group="1" />
                            <geom mesh="panda_link5_vis_2"
                                material="panda_Part__Feature_002_004_003" type="mesh" contype="0"
                                conaffinity="0" group="1" />
                            <geom type="mesh" group="0" mesh="panda_link5"
                                name="test_panda_link5_link5_collision" />
                            <body name="test_panda_link6" pos="0 0 0" quat="0.707107 0.707107 0 0">
                                <inertial pos="0.06 0 0" mass="1.5" diaginertia="0.1 0.1 0.1" />
                                <joint name="test_panda_link6_joint6" pos="0 0 0" axis="0 0 1"
                                    limited="true" range="-0.0175 3.7525" damping="0.01" />
                                <geom mesh="panda_link6_vis_0" material="panda_Shell006_003_002_001"
                                    type="mesh" contype="0" conaffinity="0" group="1" />
                                <geom mesh="panda_link6_vis_1" material="panda_Shell011_002_002_001"
                                    type="mesh" contype="0" conaffinity="0" group="1" />
                                <geom mesh="panda_link6_vis_2" material="panda_Shell007_002_002_001"
                                    type="mesh" contype="0" conaffinity="0" group="1" />
                                <geom mesh="panda_link6_vis_3"
                                    material="panda_Shell005_001_001_002_001" type="mesh"
                                    contype="0" conaffinity="0" group="1" />
                                <geom mesh="panda_link6_vis_4"
                                    material="panda_Shell004_001_001_002_001" type="mesh"
                                    contype="0" conaffinity="0" group="1" />
                                <geom mesh="panda_link6_vis_5"
                                    material="panda_Shell003_002_001_002_001" type="mesh"
                                    contype="0" conaffinity="0" group="1" />
                                <geom mesh="panda_link6_vis_6"
                                    material="panda_Shell002_002_001_002_001" type="mesh"
                                    contype="0" conaffinity="0" group="1" />
                                <geom mesh="panda_link6_vis_7"
                                    material="panda_Union001_001_001_002_001" type="mesh"
                                    contype="0" conaffinity="0" group="1" />
                                <geom mesh="panda_link6_vis_8"
                                    material="panda_Union_001_001_002_001" type="mesh" contype="0"
                                    conaffinity="0" group="1" />
                                <geom mesh="panda_link6_vis_9"
                                    material="panda_Face539_002_001_002_001" type="mesh" contype="0"
                                    conaffinity="0" group="1" />
                                <geom mesh="panda_link6_vis_10"
                                    material="panda_Shell_003_001_002_001" type="mesh" contype="0"
                                    conaffinity="0" group="1" />
                                <geom mesh="panda_link6_vis_11"
                                    material="panda_Face374_002_001_002_001" type="mesh" contype="0"
                                    conaffinity="0" group="1" />
                                <geom mesh="panda_link6_vis_12"
                                    material="panda_Face065_002_001_002_001" type="mesh" contype="0"
                                    conaffinity="0" group="1" />
                                <geom mesh="panda_link6_vis_13"
                                    material="panda_Face064_002_001_002_001" type="mesh" contype="0"
                                    conaffinity="0" group="1" />
                                <geom mesh="panda_link6_vis_14"
                                    material="panda_Part__Feature002_006_001_002_001" type="mesh"
                                    contype="0" conaffinity="0" group="1" />
                                <geom mesh="panda_link6_vis_15"
                                    material="panda_Part__Feature001_009_001_002_001" type="mesh"
                                    contype="0" conaffinity="0" group="1" />
                                <geom mesh="panda_link6_vis_16"
                                    material="panda_Shell012_002_002_001" type="mesh" contype="0"
                                    conaffinity="0" group="1" />
                                <geom type="mesh" group="0" mesh="panda_link6"
                                    name="test_panda_link6_link6_collision" />
                                <body name="test_panda_link7" pos="0.088 0 0"
                                    quat="0.707107 0.707107 0 0">
                                    <inertial pos="0 0 0.08" mass="0.5" diaginertia="0.05 0.05 0.05" />
                                    <joint name="test_panda_link7_joint7" pos="0 0 0" axis="0 0 1"
                                        limited="true" range="-2.8973 2.8973" damping="0.01" />
                                    <geom mesh="panda_link7_vis_0"
                                        material="panda_Part__Mirroring004_004_002" type="mesh"
                                        contype="0" conaffinity="0" group="1" />
                                    <geom mesh="panda_link7_vis_1"
                                        material="panda_Part__Mirroring001_004_002" type="mesh"
                                        contype="0" conaffinity="0" group="1" />
                                    <geom mesh="panda_link7_vis_2"
                                        material="panda_Part__Mirroring007_004_001" type="mesh"
                                        contype="0" conaffinity="0" group="1" />
                                    <geom mesh="panda_link7_vis_3"
                                        material="panda_Part__Mirroring006_004_001" type="mesh"
                                        contype="0" conaffinity="0" group="1" />
                                    <geom mesh="panda_link7_vis_4"
                                        material="panda_Part__Mirroring005_004_001" type="mesh"
                                        contype="0" conaffinity="0" group="1" />
                                    <geom mesh="panda_link7_vis_5"
                                        material="panda_Part__Mirroring003_004_001" type="mesh"
                                        contype="0" conaffinity="0" group="1" />
                                    <geom mesh="panda_link7_vis_6"
                                        material="panda_Part__Mirroring002_004_001" type="mesh"
                                        contype="0" conaffinity="0" group="1" />
                                    <geom mesh="panda_link7_vis_7"
                                        material="panda_Part__Mirroring_004_001" type="mesh"
                                        contype="0" conaffinity="0" group="1" /><!-- rotate 135deg to align physically to the tool-->
                                    <geom type="mesh" group="0" mesh="panda_link7"
                                        name="test_panda_link7_link7_collision" />
                                    <body name="test_panda_link7_right_hand" pos="0 0 0.1065"
                                        quat="0.924 0 0 -0.383">
                                        <inertial pos="0 0 0" mass="0.5"
                                            diaginertia="0.05 0.05 0.05" /><!-- This camera points out from the eef. -->
                                        <camera mode="fixed" name="test_panda_link7_eye_in_hand"
                                            pos="0.05 0 0" quat="0 0.707108 0.707108 0" fovy="75" /><!-- to add gripper -->
                                    </body>
                                </body>
                            </body>
                        </body>
                    </body>
                </body>
            </body>
        </body>
    </body>
</body>